// Jest Snapshot v1, https://goo.gl/fbAQLP

exports[`Item should render data 1`] = `
<React.Fragment>
  <ForwardRef>
    Items
  </ForwardRef>
  <div>
    123
    : 
    item 123
  </div>
</React.Fragment>
`;
