// Jest Snapshot v1, https://goo.gl/fbAQLP

exports[`NotFound should render 1`] = `
<div>
  <div
    class="sc-bwzfXH eQJZQL"
  >
    Not found...
  </div>
</div>
`;
